// Jest Snapshot v1, https://goo.gl/fbAQLP

exports[`FormatPrice should be able to format price 1`] = `"R$Â 1.000,00"`;
